{"name":"Log","hostname":"noderss-MacBook-Pro.local","pid":66712,"level":30,"version":"6.19.4","msg":"Ghost is running in development...","time":"2026-03-03T08:00:57.174Z","v":0}
{"name":"Log","hostname":"noderss-MacBook-Pro.local","pid":66712,"level":30,"version":"6.19.4","msg":"Listening on: 127.0.0.1:2368","time":"2026-03-03T08:00:57.175Z","v":0}
{"name":"Log","hostname":"noderss-MacBook-Pro.local","pid":66712,"level":30,"version":"6.19.4","msg":"Url configured as: http://localhost:2368/","time":"2026-03-03T08:00:57.175Z","v":0}
{"name":"Log","hostname":"noderss-MacBook-Pro.local","pid":66712,"level":30,"version":"6.19.4","msg":"Ctrl+C to shut down","time":"2026-03-03T08:00:57.175Z","v":0}
{"name":"Log","hostname":"noderss-MacBook-Pro.local","pid":66712,"level":30,"version":"6.19.4","msg":"Ghost server started in 0.293s","time":"2026-03-03T08:00:57.175Z","v":0}
{"name":"Log","hostname":"noderss-MacBook-Pro.local","pid":66712,"level":40,"version":"6.19.4","msg":"Database state requires initialisation.","time":"2026-03-03T08:00:57.690Z","v":0}
{"name":"Log","hostname":"noderss-MacBook-Pro.local","pid":66712,"level":30,"version":"6.19.4","msg":"Creating table: newsletters","time":"2026-03-03T08:00:57.884Z","v":0}
{"name":"Log","hostname":"noderss-MacBook-Pro.local","pid":66712,"level":30,"version":"6.19.4","msg":"Creating table: posts","time":"2026-03-03T08:00:57.887Z","v":0}
{"name":"Log","hostname":"noderss-MacBook-Pro.local","pid":66712,"level":30,"version":"6.19.4","msg":"Creating table: posts_meta","time":"2026-03-03T08:00:57.889Z","v":0}
{"name":"Log","hostname":"noderss-MacBook-Pro.local","pid":66712,"level":30,"version":"6.19.4","msg":"Creating table: users","time":"2026-03-03T08:00:57.890Z","v":0}
{"name":"Log","hostname":"noderss-MacBook-Pro.local","pid":66712,"level":30,"version":"6.19.4","msg":"Creating table: posts_authors","time":"2026-03-03T08:00:57.891Z","v":0}
{"name":"Log","hostname":"noderss-MacBook-Pro.local","pid":66712,"level":30,"version":"6.19.4","msg":"Creating table: roles","time":"2026-03-03T08:00:57.892Z","v":0}
{"name":"Log","hostname":"noderss-MacBook-Pro.local","pid":66712,"level":30,"version":"6.19.4","msg":"Creating table: roles_users","time":"2026-03-03T08:00:57.893Z","v":0}
{"name":"Log","hostname":"noderss-MacBook-Pro.local","pid":66712,"level":30,"version":"6.19.4","msg":"Creating table: permissions","time":"2026-03-03T08:00:57.893Z","v":0}
{"name":"Log","hostname":"noderss-MacBook-Pro.local","pid":66712,"level":30,"version":"6.19.4","msg":"Creating table: permissions_users","time":"2026-03-03T08:00:57.894Z","v":0}
{"name":"Log","hostname":"noderss-MacBook-Pro.local","pid":66712,"level":30,"version":"6.19.4","msg":"Creating table: permissions_roles","time":"2026-03-03T08:00:57.894Z","v":0}
{"name":"Log","hostname":"noderss-MacBook-Pro.local","pid":66712,"level":30,"version":"6.19.4","msg":"Creating table: settings","time":"2026-03-03T08:00:57.895Z","v":0}
{"name":"Log","hostname":"noderss-MacBook-Pro.local","pid":66712,"level":30,"version":"6.19.4","msg":"Creating table: tags","time":"2026-03-03T08:00:57.895Z","v":0}
{"name":"Log","hostname":"noderss-MacBook-Pro.local","pid":66712,"level":30,"version":"6.19.4","msg":"Creating table: posts_tags","time":"2026-03-03T08:00:57.896Z","v":0}
{"name":"Log","hostname":"noderss-MacBook-Pro.local","pid":66712,"level":30,"version":"6.19.4","msg":"Creating table: invites","time":"2026-03-03T08:00:57.897Z","v":0}
{"name":"Log","hostname":"noderss-MacBook-Pro.local","pid":66712,"level":30,"version":"6.19.4","msg":"Creating table: brute","time":"2026-03-03T08:00:57.898Z","v":0}
{"name":"Log","hostname":"noderss-MacBook-Pro.local","pid":66712,"level":30,"version":"6.19.4","msg":"Creating table: sessions","time":"2026-03-03T08:00:57.898Z","v":0}
{"name":"Log","hostname":"noderss-MacBook-Pro.local","pid":66712,"level":30,"version":"6.19.4","msg":"Creating table: integrations","time":"2026-03-03T08:00:57.899Z","v":0}
{"name":"Log","hostname":"noderss-MacBook-Pro.local","pid":66712,"level":30,"version":"6.19.4","msg":"Creating table: webhooks","time":"2026-03-03T08:00:57.900Z","v":0}
{"name":"Log","hostname":"noderss-MacBook-Pro.local","pid":66712,"level":30,"version":"6.19.4","msg":"Creating table: api_keys","time":"2026-03-03T08:00:57.900Z","v":0}
{"name":"Log","hostname":"noderss-MacBook-Pro.local","pid":66712,"level":30,"version":"6.19.4","msg":"Creating table: mobiledoc_revisions","time":"2026-03-03T08:00:57.901Z","v":0}
{"name":"Log","hostname":"noderss-MacBook-Pro.local","pid":66712,"level":30,"version":"6.19.4","msg":"Creating table: post_revisions","time":"2026-03-03T08:00:57.902Z","v":0}
{"name":"Log","hostname":"noderss-MacBook-Pro.local","pid":66712,"level":30,"version":"6.19.4","msg":"Creating table: members","time":"2026-03-03T08:00:57.903Z","v":0}
{"name":"Log","hostname":"noderss-MacBook-Pro.local","pid":66712,"level":30,"version":"6.19.4","msg":"Creating table: products","time":"2026-03-03T08:00:57.904Z","v":0}
{"name":"Log","hostname":"noderss-MacBook-Pro.local","pid":66712,"level":30,"version":"6.19.4","msg":"Creating table: offers","time":"2026-03-03T08:00:57.905Z","v":0}
{"name":"Log","hostname":"noderss-MacBook-Pro.local","pid":66712,"level":30,"version":"6.19.4","msg":"Creating table: benefits","time":"2026-03-03T08:00:57.907Z","v":0}
{"name":"Log","hostname":"noderss-MacBook-Pro.local","pid":66712,"level":30,"version":"6.19.4","msg":"Creating table: products_benefits","time":"2026-03-03T08:00:57.907Z","v":0}
{"name":"Log","hostname":"noderss-MacBook-Pro.local","pid":66712,"level":30,"version":"6.19.4","msg":"Creating table: members_products","time":"2026-03-03T08:00:57.908Z","v":0}
{"name":"Log","hostname":"noderss-MacBook-Pro.local","pid":66712,"level":30,"version":"6.19.4","msg":"Creating table: posts_products","time":"2026-03-03T08:00:57.908Z","v":0}
{"name":"Log","hostname":"noderss-MacBook-Pro.local","pid":66712,"level":30,"version":"6.19.4","msg":"Creating table: members_created_events","time":"2026-03-03T08:00:57.909Z","v":0}
{"name":"Log","hostname":"noderss-MacBook-Pro.local","pid":66712,"level":30,"version":"6.19.4","msg":"Creating table: members_cancel_events","time":"2026-03-03T08:00:57.910Z","v":0}
{"name":"Log","hostname":"noderss-MacBook-Pro.local","pid":66712,"level":30,"version":"6.19.4","msg":"Creating table: members_payment_events","time":"2026-03-03T08:00:57.910Z","v":0}
{"name":"Log","hostname":"noderss-MacBook-Pro.local","pid":66712,"level":30,"version":"6.19.4","msg":"Creating table: members_login_events","time":"2026-03-03T08:00:57.910Z","v":0}
{"name":"Log","hostname":"noderss-MacBook-Pro.local","pid":66712,"level":30,"version":"6.19.4","msg":"Creating table: members_email_change_events","time":"2026-03-03T08:00:57.911Z","v":0}
{"name":"Log","hostname":"noderss-MacBook-Pro.local","pid":66712,"level":30,"version":"6.19.4","msg":"Creating table: members_status_events","time":"2026-03-03T08:00:57.911Z","v":0}
{"name":"Log","hostname":"noderss-MacBook-Pro.local","pid":66712,"level":30,"version":"6.19.4","msg":"Creating table: members_product_events","time":"2026-03-03T08:00:57.912Z","v":0}
{"name":"Log","hostname":"noderss-MacBook-Pro.local","pid":66712,"level":30,"version":"6.19.4","msg":"Creating table: members_paid_subscription_events","time":"2026-03-03T08:00:57.912Z","v":0}
{"name":"Log","hostname":"noderss-MacBook-Pro.local","pid":66712,"level":30,"version":"6.19.4","msg":"Creating table: labels","time":"2026-03-03T08:00:57.913Z","v":0}
{"name":"Log","hostname":"noderss-MacBook-Pro.local","pid":66712,"level":30,"version":"6.19.4","msg":"Creating table: members_labels","time":"2026-03-03T08:00:57.913Z","v":0}
{"name":"Log","hostname":"noderss-MacBook-Pro.local","pid":66712,"level":30,"version":"6.19.4","msg":"Creating table: members_stripe_customers","time":"2026-03-03T08:00:57.914Z","v":0}
{"name":"Log","hostname":"noderss-MacBook-Pro.local","pid":66712,"level":30,"version":"6.19.4","msg":"Creating table: subscriptions","time":"2026-03-03T08:00:57.915Z","v":0}
{"name":"Log","hostname":"noderss-MacBook-Pro.local","pid":66712,"level":30,"version":"6.19.4","msg":"Creating table: members_stripe_customers_subscriptions","time":"2026-03-03T08:00:57.915Z","v":0}
{"name":"Log","hostname":"noderss-MacBook-Pro.local","pid":66712,"level":30,"version":"6.19.4","msg":"Creating table: members_subscription_created_events","time":"2026-03-03T08:00:57.916Z","v":0}
{"name":"Log","hostname":"noderss-MacBook-Pro.local","pid":66712,"level":30,"version":"6.19.4","msg":"Creating table: offer_redemptions","time":"2026-03-03T08:00:57.917Z","v":0}
{"name":"Log","hostname":"noderss-MacBook-Pro.local","pid":66712,"level":30,"version":"6.19.4","msg":"Creating table: members_subscribe_events","time":"2026-03-03T08:00:57.917Z","v":0}
{"name":"Log","hostname":"noderss-MacBook-Pro.local","pid":66712,"level":30,"version":"6.19.4","msg":"Creating table: donation_payment_events","time":"2026-03-03T08:00:57.918Z","v":0}
{"name":"Log","hostname":"noderss-MacBook-Pro.local","pid":66712,"level":30,"version":"6.19.4","msg":"Creating table: stripe_products","time":"2026-03-03T08:00:57.919Z","v":0}
{"name":"Log","hostname":"noderss-MacBook-Pro.local","pid":66712,"level":30,"version":"6.19.4","msg":"Creating table: stripe_prices","time":"2026-03-03T08:00:57.919Z","v":0}
{"name":"Log","hostname":"noderss-MacBook-Pro.local","pid":66712,"level":30,"version":"6.19.4","msg":"Creating table: actions","time":"2026-03-03T08:00:57.920Z","v":0}
{"name":"Log","hostname":"noderss-MacBook-Pro.local","pid":66712,"level":30,"version":"6.19.4","msg":"Creating table: emails","time":"2026-03-03T08:00:57.920Z","v":0}
{"name":"Log","hostname":"noderss-MacBook-Pro.local","pid":66712,"level":30,"version":"6.19.4","msg":"Creating table: email_batches","time":"2026-03-03T08:00:57.922Z","v":0}
{"name":"Log","hostname":"noderss-MacBook-Pro.local","pid":66712,"level":30,"version":"6.19.4","msg":"Creating table: email_recipients","time":"2026-03-03T08:00:57.922Z","v":0}
{"name":"Log","hostname":"noderss-MacBook-Pro.local","pid":66712,"level":30,"version":"6.19.4","msg":"Creating table: email_recipient_failures","time":"2026-03-03T08:00:57.924Z","v":0}
{"name":"Log","hostname":"noderss-MacBook-Pro.local","pid":66712,"level":30,"version":"6.19.4","msg":"Creating table: tokens","time":"2026-03-03T08:00:57.925Z","v":0}
{"name":"Log","hostname":"noderss-MacBook-Pro.local","pid":66712,"level":30,"version":"6.19.4","msg":"Creating table: snippets","time":"2026-03-03T08:00:57.926Z","v":0}
{"name":"Log","hostname":"noderss-MacBook-Pro.local","pid":66712,"level":30,"version":"6.19.4","msg":"Creating table: custom_theme_settings","time":"2026-03-03T08:00:57.927Z","v":0}
{"name":"Log","hostname":"noderss-MacBook-Pro.local","pid":66712,"level":30,"version":"6.19.4","msg":"Creating table: members_newsletters","time":"2026-03-03T08:00:57.927Z","v":0}
{"name":"Log","hostname":"noderss-MacBook-Pro.local","pid":66712,"level":30,"version":"6.19.4","msg":"Creating table: comments","time":"2026-03-03T08:00:57.928Z","v":0}
{"name":"Log","hostname":"noderss-MacBook-Pro.local","pid":66712,"level":30,"version":"6.19.4","msg":"Creating table: comment_likes","time":"2026-03-03T08:00:57.928Z","v":0}
{"name":"Log","hostname":"noderss-MacBook-Pro.local","pid":66712,"level":30,"version":"6.19.4","msg":"Creating table: comment_reports","time":"2026-03-03T08:00:57.929Z","v":0}
{"name":"Log","hostname":"noderss-MacBook-Pro.local","pid":66712,"level":30,"version":"6.19.4","msg":"Creating table: jobs","time":"2026-03-03T08:00:57.929Z","v":0}
{"name":"Log","hostname":"noderss-MacBook-Pro.local","pid":66712,"level":30,"version":"6.19.4","msg":"Creating table: redirects","time":"2026-03-03T08:00:57.930Z","v":0}
{"name":"Log","hostname":"noderss-MacBook-Pro.local","pid":66712,"level":30,"version":"6.19.4","msg":"Creating table: members_click_events","time":"2026-03-03T08:00:57.930Z","v":0}
{"name":"Log","hostname":"noderss-MacBook-Pro.local","pid":66712,"level":30,"version":"6.19.4","msg":"Creating table: members_feedback","time":"2026-03-03T08:00:57.931Z","v":0}
{"name":"Log","hostname":"noderss-MacBook-Pro.local","pid":66712,"level":30,"version":"6.19.4","msg":"Creating table: suppressions","time":"2026-03-03T08:00:57.931Z","v":0}
{"name":"Log","hostname":"noderss-MacBook-Pro.local","pid":66712,"level":30,"version":"6.19.4","msg":"Creating table: email_spam_complaint_events","time":"2026-03-03T08:00:57.932Z","v":0}
{"name":"Log","hostname":"noderss-MacBook-Pro.local","pid":66712,"level":30,"version":"6.19.4","msg":"Creating table: mentions","time":"2026-03-03T08:00:57.933Z","v":0}
{"name":"Log","hostname":"noderss-MacBook-Pro.local","pid":66712,"level":30,"version":"6.19.4","msg":"Creating table: milestones","time":"2026-03-03T08:00:57.933Z","v":0}
{"name":"Log","hostname":"noderss-MacBook-Pro.local","pid":66712,"level":30,"version":"6.19.4","msg":"Creating table: collections","time":"2026-03-03T08:00:57.934Z","v":0}
{"name":"Log","hostname":"noderss-MacBook-Pro.local","pid":66712,"level":30,"version":"6.19.4","msg":"Creating table: collections_posts","time":"2026-03-03T08:00:57.934Z","v":0}
{"name":"Log","hostname":"noderss-MacBook-Pro.local","pid":66712,"level":30,"version":"6.19.4","msg":"Creating table: recommendations","time":"2026-03-03T08:00:57.935Z","v":0}
{"name":"Log","hostname":"noderss-MacBook-Pro.local","pid":66712,"level":30,"version":"6.19.4","msg":"Creating table: recommendation_click_events","time":"2026-03-03T08:00:57.935Z","v":0}
{"name":"Log","hostname":"noderss-MacBook-Pro.local","pid":66712,"level":30,"version":"6.19.4","msg":"Creating table: recommendation_subscribe_events","time":"2026-03-03T08:00:57.936Z","v":0}
{"name":"Log","hostname":"noderss-MacBook-Pro.local","pid":66712,"level":30,"version":"6.19.4","msg":"Creating table: outbox","time":"2026-03-03T08:00:57.936Z","v":0}
{"name":"Log","hostname":"noderss-MacBook-Pro.local","pid":66712,"level":30,"version":"6.19.4","msg":"Creating table: automated_emails","time":"2026-03-03T08:00:57.937Z","v":0}
{"name":"Log","hostname":"noderss-MacBook-Pro.local","pid":66712,"level":30,"version":"6.19.4","msg":"Creating table: automated_email_recipients","time":"2026-03-03T08:00:57.938Z","v":0}
{"name":"Log","hostname":"noderss-MacBook-Pro.local","pid":66712,"level":30,"version":"6.19.4","msg":"Model: Collection","time":"2026-03-03T08:00:58.529Z","v":0}
{"name":"Log","hostname":"noderss-MacBook-Pro.local","pid":66712,"level":30,"version":"6.19.4","msg":"Model: Product","time":"2026-03-03T08:00:58.533Z","v":0}
{"name":"Log","hostname":"noderss-MacBook-Pro.local","pid":66712,"level":30,"version":"6.19.4","msg":"Model: Newsletter","time":"2026-03-03T08:00:58.538Z","v":0}
{"name":"Log","hostname":"noderss-MacBook-Pro.local","pid":66712,"level":30,"version":"6.19.4","msg":"Model: Tag","time":"2026-03-03T08:00:58.541Z","v":0}
{"name":"Log","hostname":"noderss-MacBook-Pro.local","pid":66712,"level":30,"version":"6.19.4","msg":"Model: Permission","time":"2026-03-03T08:00:58.544Z","v":0}
{"name":"Log","hostname":"noderss-MacBook-Pro.local","pid":66712,"level":30,"version":"6.19.4","msg":"Model: Post","time":"2026-03-03T08:00:58.670Z","v":0}
{"name":"Log","hostname":"noderss-MacBook-Pro.local","pid":66712,"level":30,"version":"6.19.4","msg":"Model: Integration","time":"2026-03-03T08:00:58.849Z","v":0}
{"name":"Log","hostname":"noderss-MacBook-Pro.local","pid":66712,"level":30,"version":"6.19.4","msg":"Relation: Role to Permission","time":"2026-03-03T08:00:58.882Z","v":0}
{"name":"Log","hostname":"noderss-MacBook-Pro.local","pid":66712,"level":30,"version":"6.19.4","msg":"Relation: Post to Tag","time":"2026-03-03T08:00:59.012Z","v":0}
{"name":"Log","hostname":"noderss-MacBook-Pro.local","pid":66712,"level":30,"version":"6.19.4","msg":"Database is in a ready state.","time":"2026-03-03T08:00:59.046Z","v":0}
{"name":"Log","hostname":"noderss-MacBook-Pro.local","pid":66712,"level":30,"version":"6.19.4","msg":"Ghost database ready in 2.164s","time":"2026-03-03T08:00:59.046Z","v":0}
{"name":"Log","hostname":"noderss-MacBook-Pro.local","pid":66712,"level":30,"version":"6.19.4","msg":"Configured site_uuid was not found or invalid. Setting site_uuid to a new value: 67badf2f-b301-4acf-875c-11595e7b1e6b","time":"2026-03-03T08:00:59.246Z","v":0}
{"name":"Log","hostname":"noderss-MacBook-Pro.local","pid":66712,"level":30,"version":"6.19.4","msg":"Invalidating assets for regeneration","time":"2026-03-03T08:00:59.508Z","v":0}
{"name":"Log","hostname":"noderss-MacBook-Pro.local","pid":66712,"level":50,"version":"6.19.4","err":{"id":"1daf8d60-16d7-11f1-ab99-2109c17c6ee3","domain":"http://localhost:2368/","code":null,"name":"InternalServerError","statusCode":500,"level":"critical","message":"Cannot read properties of undefined (reading 'prototype')","stack":"TypeError: Cannot read properties of undefined (reading 'prototype')\n    at bootGhost (/Users/noders/Documents/jay/blog/versions/6.19.4/core/boot.js:581:32)\n    at Object.<anonymous> (/Users/noders/Documents/jay/blog/versions/6.19.4/node_modules/buffer-equal-constant-time/index.js:37:35)\n    at Module._compile (node:internal/modules/cjs/loader:1809:14)\n    at Module._extensions..js (node:internal/modules/cjs/loader:1940:10)\n    at Module.load (node:internal/modules/cjs/loader:1530:32)\n    at Module._load (node:internal/modules/cjs/loader:1332:12)\n    at wrapModuleLoad (node:internal/modules/cjs/loader:255:19)\n    at Module.require (node:internal/modules/cjs/loader:1553:12)\n    at require (node:internal/modules/helpers:152:16)\n    at Object.<anonymous> (/Users/noders/Documents/jay/blog/versions/6.19.4/node_modules/jwa/index.js:1:19)\n    at Module._compile (node:internal/modules/cjs/loader:1809:14)\n    at Module._extensions..js (node:internal/modules/cjs/loader:1940:10)\n    at Module.load (node:internal/modules/cjs/loader:1530:32)\n    at Module._load (node:internal/modules/cjs/loader:1332:12)\n    at wrapModuleLoad (node:internal/modules/cjs/loader:255:19)\n    at Module.require (node:internal/modules/cjs/loader:1553:12)\n    at require (node:internal/modules/helpers:152:16)","hideStack":false},"msg":"Cannot read properties of undefined (reading 'prototype')","time":"2026-03-03T08:00:59.703Z","v":0}
{"name":"Log","hostname":"noderss-MacBook-Pro.local","pid":66712,"level":40,"version":"6.19.4","msg":"Ghost is shutting down","time":"2026-03-03T08:00:59.703Z","v":0}
{"name":"Log","hostname":"noderss-MacBook-Pro.local","pid":66712,"level":40,"version":"6.19.4","msg":"Ghost has shut down","time":"2026-03-03T08:00:59.704Z","v":0}
{"name":"Log","hostname":"noderss-MacBook-Pro.local","pid":66712,"level":40,"version":"6.19.4","msg":"Ghost was running for a few seconds","time":"2026-03-03T08:00:59.704Z","v":0}
{"name":"Log","hostname":"noderss-MacBook-Pro.local","pid":66816,"level":30,"version":"6.19.4","msg":"Ghost is running in development...","time":"2026-03-03T08:01:26.279Z","v":0}
{"name":"Log","hostname":"noderss-MacBook-Pro.local","pid":66816,"level":30,"version":"6.19.4","msg":"Listening on: 127.0.0.1:2368","time":"2026-03-03T08:01:26.279Z","v":0}
{"name":"Log","hostname":"noderss-MacBook-Pro.local","pid":66816,"level":30,"version":"6.19.4","msg":"Url configured as: http://localhost:2368/","time":"2026-03-03T08:01:26.280Z","v":0}
{"name":"Log","hostname":"noderss-MacBook-Pro.local","pid":66816,"level":30,"version":"6.19.4","msg":"Ctrl+C to shut down","time":"2026-03-03T08:01:26.280Z","v":0}
{"name":"Log","hostname":"noderss-MacBook-Pro.local","pid":66816,"level":30,"version":"6.19.4","msg":"Ghost server started in 0.184s","time":"2026-03-03T08:01:26.280Z","v":0}
{"name":"Log","hostname":"noderss-MacBook-Pro.local","pid":66816,"level":30,"version":"6.19.4","msg":"Database is in a ready state.","time":"2026-03-03T08:01:26.341Z","v":0}
{"name":"Log","hostname":"noderss-MacBook-Pro.local","pid":66816,"level":30,"version":"6.19.4","msg":"Ghost database ready in 0.246s","time":"2026-03-03T08:01:26.342Z","v":0}
{"name":"Log","hostname":"noderss-MacBook-Pro.local","pid":66816,"level":30,"version":"6.19.4","msg":"Invalidating assets for regeneration","time":"2026-03-03T08:01:26.711Z","v":0}
{"name":"Log","hostname":"noderss-MacBook-Pro.local","pid":66816,"level":30,"version":"6.19.4","msg":"[EmailAnalytics] Initialized with SEQUENTIAL processing mode","time":"2026-03-03T08:01:27.015Z","v":0}
{"name":"Log","hostname":"noderss-MacBook-Pro.local","pid":66816,"level":40,"version":"6.19.4","msg":"Explore URL not set","time":"2026-03-03T08:01:27.067Z","v":0}
{"name":"Log","hostname":"noderss-MacBook-Pro.local","pid":66816,"level":30,"version":"6.19.4","msg":"Adding one-off job to inlineQueue with current length = 0 called 'members-migrations'","time":"2026-03-03T08:01:27.091Z","v":0}
{"name":"Log","hostname":"noderss-MacBook-Pro.local","pid":66816,"level":30,"version":"6.19.4","msg":"Stripe not configured - skipping migrations","time":"2026-03-03T08:01:27.095Z","v":0}
{"name":"Log","hostname":"noderss-MacBook-Pro.local","pid":66816,"level":30,"version":"6.19.4","msg":"URL Service ready in 889ms","time":"2026-03-03T08:01:27.522Z","v":0}
{"name":"Log","hostname":"noderss-MacBook-Pro.local","pid":66816,"level":30,"version":"6.19.4","msg":"Adding offloaded job to the inline job queue","time":"2026-03-03T08:01:27.585Z","v":0}
{"name":"Log","hostname":"noderss-MacBook-Pro.local","pid":66816,"level":30,"version":"6.19.4","msg":"Scheduling job clean-expired-comped at 51 4 4 * * *. Next run on: Wed Mar 04 2026 04:04:51 GMT+0900 (Korean Standard Time)","time":"2026-03-03T08:01:27.594Z","v":0}
{"name":"Log","hostname":"noderss-MacBook-Pro.local","pid":66816,"level":30,"version":"6.19.4","msg":"Adding offloaded job to the inline job queue","time":"2026-03-03T08:01:27.600Z","v":0}
{"name":"Log","hostname":"noderss-MacBook-Pro.local","pid":66816,"level":30,"version":"6.19.4","msg":"Scheduling job clean-tokens at 31 40 23 * * *. Next run on: Tue Mar 03 2026 23:40:31 GMT+0900 (Korean Standard Time)","time":"2026-03-03T08:01:27.601Z","v":0}
{"name":"Log","hostname":"noderss-MacBook-Pro.local","pid":66816,"level":30,"version":"6.19.4","msg":"Ghost booted in 1.508s","time":"2026-03-03T08:01:27.605Z","v":0}
{"name":"Log","hostname":"noderss-MacBook-Pro.local","pid":66816,"level":30,"version":"6.19.4","msg":"Adding offloaded job to the inline job queue","time":"2026-03-03T08:01:27.615Z","v":0}
{"name":"Log","hostname":"noderss-MacBook-Pro.local","pid":66816,"level":30,"version":"6.19.4","msg":"Scheduling job update-check at 24 57 20 * * *. Next run on: Tue Mar 03 2026 20:57:24 GMT+0900 (Korean Standard Time)","time":"2026-03-03T08:01:27.616Z","v":0}
{"name":"Log","hostname":"noderss-MacBook-Pro.local","pid":66816,"level":30,"version":"6.19.4","msg":"Adding offloaded job to the inline job queue","time":"2026-03-03T08:01:27.623Z","v":0}
{"name":"Log","hostname":"noderss-MacBook-Pro.local","pid":66816,"level":30,"version":"6.19.4","msg":"Scheduling job process-outbox at 41 2/5 * * * *. Next run on: Tue Mar 03 2026 17:02:41 GMT+0900 (Korean Standard Time)","time":"2026-03-03T08:01:27.625Z","v":0}
{"name":"Log","hostname":"noderss-MacBook-Pro.local","pid":66816,"level":30,"version":"6.19.4","msg":"Running milestone emails job on Tue Mar 03 2026 17:01:32 GMT+0900 (Korean Standard Time)","time":"2026-03-03T08:01:27.626Z","v":0}
{"name":"Log","hostname":"noderss-MacBook-Pro.local","pid":66816,"level":30,"version":"6.19.4","req":{"meta":{"requestId":"3ac749cd-fc50-44a0-9635-8f0a09cc94d4","userId":null},"url":"/.ghost/activitypub/v1/site/","method":"GET","originalUrl":"/.ghost/activitypub/v1/site/","params":{},"headers":{"authorization":"**REDACTED**","accept":"*/*","user-agent":"node-fetch/1.0 (+https://github.com/bitinn/node-fetch)","accept-encoding":"gzip,deflate","host":"localhost:2368","connection":"keep-alive"},"query":{}},"res":{"_headers":{"x-powered-by":"Express","cache-control":"no-cache, private, no-store, must-revalidate, max-stale=0, post-check=0, pre-check=0","content-type":"text/html; charset=utf-8","etag":"W/\"481-VDZcCr/Kcv8FadpwvFUeYyLhtbk\"","vary":"Accept-Encoding","content-encoding":"gzip"},"statusCode":404,"responseTime":"72ms"},"msg":"","time":"2026-03-03T08:01:27.709Z","v":0}
{"name":"Log","hostname":"noderss-MacBook-Pro.local","pid":66816,"level":50,"version":"6.19.4","msg":"Could not get webhook secret for ActivityPub FetchError: invalid json response body at http://localhost:2368/.ghost/activitypub/v1/site/ reason: Unexpected token '<', \"<!DOCTYPE \"... is not valid JSON","time":"2026-03-03T08:01:27.710Z","v":0}
{"name":"Log","hostname":"noderss-MacBook-Pro.local","pid":66816,"level":50,"version":"6.19.4","msg":"No webhook secret found - cannot initialise","time":"2026-03-03T08:01:27.710Z","v":0}
{"name":"Log","hostname":"noderss-MacBook-Pro.local","pid":66816,"level":30,"version":"6.19.4","req":{"meta":{"requestId":"313ce6f4-0beb-49d9-858e-e437969b5233","userId":null},"url":"/favicon.ico","method":"GET","originalUrl":"/favicon.ico","params":{"0":"ico"},"headers":{"accept":"*/*","user-agent":"Mozilla/5.0 Safari/537.36","host":"localhost:2368","connection":"keep-alive"},"query":{}},"res":{"_headers":{"x-powered-by":"Express","content-type":"image/x-icon","content-length":15406,"etag":"\"a9c6dbdcdc3ae568f4e0dad92149a0e3\"","cache-control":"public, max-age=86400","vary":"Accept-Encoding"},"statusCode":200,"responseTime":"2ms"},"msg":"","time":"2026-03-03T08:01:31.220Z","v":0}
{"name":"Log","hostname":"noderss-MacBook-Pro.local","pid":66816,"level":30,"version":"6.19.4","req":{"meta":{"requestId":"a79fc2d2-0d13-4122-a2f4-d702662b1d47","userId":null},"url":"/","method":"GET","originalUrl":"/","params":{},"headers":{"host":"localhost:2368","user-agent":"curl/8.7.1","accept":"*/*"},"query":{}},"res":{"_headers":{"x-powered-by":"Express","cache-control":"public, max-age=0","content-type":"text/html; charset=utf-8","content-length":"17314","etag":"W/\"43a2-F2nFINu+8x4vDB+KXmMtLgZrLtU\"","vary":"Accept-Encoding"},"statusCode":200,"responseTime":"695ms"},"msg":"","time":"2026-03-03T08:01:31.872Z","v":0}
{"name":"Log","hostname":"noderss-MacBook-Pro.local","pid":66816,"level":30,"version":"6.19.4","req":{"meta":{"requestId":"ed4e5cf1-585d-4121-9fce-31a94f181ca5","userId":null},"url":"/","method":"GET","originalUrl":"/ghost/","params":{"0":"/"},"headers":{"host":"localhost:2368","user-agent":"curl/8.7.1","accept":"*/*"},"query":{}},"res":{"_headers":{"x-powered-by":"Express","cache-control":"no-cache, private, no-store, must-revalidate, max-stale=0, post-check=0, pre-check=0","etag":"8e9d9fadc35918224689d66236587833","x-frame-options":"sameorigin","accept-ranges":"bytes","content-type":"text/html; charset=UTF-8","content-length":3490,"vary":"Accept-Encoding"},"statusCode":200,"responseTime":"16ms"},"msg":"","time":"2026-03-03T08:01:38.623Z","v":0}
{"name":"Log","hostname":"noderss-MacBook-Pro.local","pid":66816,"level":30,"version":"6.19.4","req":{"meta":{"requestId":"cc2b8203-d6fd-4aaa-b297-525f39ccdf6f","userId":null},"url":"/authentication/setup/","method":"GET","originalUrl":"/ghost/api/admin/authentication/setup/","params":{},"headers":{"host":"localhost:2368","user-agent":"curl/8.7.1","accept":"*/*"},"query":{}},"res":{"_headers":{"x-powered-by":"Express","content-version":"v6.19","vary":"Accept-Version, Accept-Encoding","cache-control":"no-cache, private, no-store, must-revalidate, max-stale=0, post-check=0, pre-check=0","content-type":"application/json; charset=utf-8","content-length":"28","etag":"W/\"1c-sQKS0vX9z/0iYRVKKjytkkIupoI\""},"statusCode":200,"responseTime":"82ms"},"msg":"","time":"2026-03-03T08:02:24.954Z","v":0}
{"name":"Log","hostname":"noderss-MacBook-Pro.local","pid":66816,"level":50,"version":"6.19.4","req":{"meta":{"requestId":"8aab7478-8ebd-479a-baf7-1dbae6de29b2","userId":null},"url":"/authentication/setup/","method":"POST","originalUrl":"/ghost/api/admin/authentication/setup/","params":{},"headers":{"host":"localhost:2368","user-agent":"curl/8.7.1","accept":"*/*","content-type":"application/json","content-length":"154"},"query":{}},"res":{"_headers":{"x-powered-by":"Express","content-version":"v6.19","vary":"Accept-Version, Accept-Encoding","cache-control":"no-cache, private, no-store, must-revalidate, max-stale=0, post-check=0, pre-check=0","content-type":"application/json; charset=utf-8","content-length":"315","etag":"W/\"13b-MFtMwsNwNGDAO+F+Pf0pUwQAFu8\""},"statusCode":400,"responseTime":"7ms"},"err":{"id":"527009d0-16d7-11f1-a16d-67ccc8ccea09","domain":"http://localhost:2368/","code":"UNEXPECTED_ERROR","name":"InternalServerError","statusCode":400,"level":"critical","message":"An unexpected error occurred, please try again.","context":"\"Bad escaped character in JSON at position 110 (line 5 column 33)\"","stack":"SyntaxError: Bad escaped character in JSON at position 110 (line 5 column 33)\n    at prepareError (/Users/noders/Documents/jay/blog/versions/6.19.4/node_modules/@tryghost/mw-error-handler/lib/mw-error-handler.js:113:19)\n    at JSON.parse (<anonymous>)\n    at parse (/Users/noders/Documents/jay/blog/versions/6.19.4/node_modules/body-parser/lib/types/json.js:92:19)\n    at /Users/noders/Documents/jay/blog/versions/6.19.4/node_modules/body-parser/lib/read.js:128:18\n    at AsyncResource.runInAsyncScope (node:async_hooks:226:14)\n    at invokeCallback (/Users/noders/Documents/jay/blog/versions/6.19.4/node_modules/raw-body/index.js:238:16)\n    at done (/Users/noders/Documents/jay/blog/versions/6.19.4/node_modules/raw-body/index.js:227:7)\n    at IncomingMessage.onEnd (/Users/noders/Documents/jay/blog/versions/6.19.4/node_modules/raw-body/index.js:287:7)\n    at IncomingMessage.emit (node:events:508:20)\n    at endReadableNT (node:internal/streams/readable:1729:12)\n    at process.processTicksAndRejections (node:internal/process/task_queues:90:21)","hideStack":false},"msg":"An unexpected error occurred, please try again.","time":"2026-03-03T08:02:28.206Z","v":0}
{"name":"Log","hostname":"noderss-MacBook-Pro.local","pid":66816,"level":50,"version":"6.19.4","req":{"meta":{"requestId":"e342bab2-da80-4e15-a21d-455bf46290db","userId":null},"url":"/authentication/setup/","method":"POST","originalUrl":"/ghost/api/admin/authentication/setup/","params":{},"headers":{"host":"localhost:2368","user-agent":"curl/8.7.1","accept":"*/*","content-type":"application/json","content-length":"108"},"query":{}},"res":{"_headers":{"x-powered-by":"Express","content-version":"v6.19","vary":"Accept-Version, Accept-Encoding","cache-control":"no-cache, private, no-store, must-revalidate, max-stale=0, post-check=0, pre-check=0","content-type":"application/json; charset=utf-8","content-length":"314","etag":"W/\"13a-vN0UvRBTb5oc55ky/zpDqrAZ6pI\""},"statusCode":400,"responseTime":"1ms"},"err":{"id":"54bbf5a0-16d7-11f1-a16d-67ccc8ccea09","domain":"http://localhost:2368/","code":"UNEXPECTED_ERROR","name":"InternalServerError","statusCode":400,"level":"critical","message":"An unexpected error occurred, please try again.","context":"\"Bad escaped character in JSON at position 80 (line 1 column 81)\"","stack":"SyntaxError: Bad escaped character in JSON at position 80 (line 1 column 81)\n    at prepareError (/Users/noders/Documents/jay/blog/versions/6.19.4/node_modules/@tryghost/mw-error-handler/lib/mw-error-handler.js:113:19)\n    at JSON.parse (<anonymous>)\n    at parse (/Users/noders/Documents/jay/blog/versions/6.19.4/node_modules/body-parser/lib/types/json.js:92:19)\n    at /Users/noders/Documents/jay/blog/versions/6.19.4/node_modules/body-parser/lib/read.js:128:18\n    at AsyncResource.runInAsyncScope (node:async_hooks:226:14)\n    at invokeCallback (/Users/noders/Documents/jay/blog/versions/6.19.4/node_modules/raw-body/index.js:238:16)\n    at done (/Users/noders/Documents/jay/blog/versions/6.19.4/node_modules/raw-body/index.js:227:7)\n    at IncomingMessage.onEnd (/Users/noders/Documents/jay/blog/versions/6.19.4/node_modules/raw-body/index.js:287:7)\n    at IncomingMessage.emit (node:events:508:20)\n    at endReadableNT (node:internal/streams/readable:1729:12)\n    at process.processTicksAndRejections (node:internal/process/task_queues:90:21)","hideStack":false},"msg":"An unexpected error occurred, please try again.","time":"2026-03-03T08:02:32.059Z","v":0}
{"name":"Log","hostname":"noderss-MacBook-Pro.local","pid":66816,"level":30,"version":"6.19.4","worker":{"resourceLimits":{"maxYoungGenerationSizeMb":192,"maxOldGenerationSizeMb":4096,"codeRangeSizeMb":0,"stackSizeMb":4},"threadId":1},"msg":"Worker for job \"process-outbox\" online","time":"2026-03-03T08:02:41.642Z","v":0}
{"name":"Log","hostname":"noderss-MacBook-Pro.local","pid":66816,"level":30,"version":"6.19.4","msg":"Worker for job process-outbox sent a message: done","time":"2026-03-03T08:02:41.646Z","v":0}
{"name":"Log","hostname":"noderss-MacBook-Pro.local","pid":66816,"level":30,"version":"6.19.4","msg":"[OUTBOX] No pending outbox entries to process","time":"2026-03-03T08:02:41.651Z","v":0}
{"name":"Log","hostname":"noderss-MacBook-Pro.local","pid":66816,"level":30,"version":"6.19.4","msg":"Adding one-off job to inlineQueue with current length = 0 called 'sendWebmentions'","time":"2026-03-03T08:02:49.359Z","v":0}
{"name":"Log","hostname":"noderss-MacBook-Pro.local","pid":66816,"level":30,"version":"6.19.4","msg":"Adding one-off job to inlineQueue with current length = 0 called 'sendWebmentions'","time":"2026-03-03T08:02:49.373Z","v":0}
{"name":"Log","hostname":"noderss-MacBook-Pro.local","pid":66816,"level":30,"version":"6.19.4","req":{"meta":{"requestId":"00971315-a960-4692-b051-a1d8852ae0d2","userId":null},"url":"/authentication/setup/","method":"POST","originalUrl":"/ghost/api/admin/authentication/setup/","params":{},"headers":{"host":"localhost:2368","user-agent":"python-requests/2.32.5","accept-encoding":"gzip, deflate, zstd","accept":"*/*","connection":"keep-alive","content-type":"application/json","content-length":"115"},"query":{}},"res":{"_headers":{"x-powered-by":"Express","content-version":"v6.19","vary":"Accept-Version, Accept-Encoding","cache-control":"no-cache, private, no-store, must-revalidate, max-stale=0, post-check=0, pre-check=0","x-cache-invalidate":"/*","content-type":"application/json; charset=utf-8","content-length":"850","etag":"W/\"352-f+AYDYke6yMHYg6qGD4lVRXlDqE\""},"statusCode":201,"responseTime":"1168ms"},"msg":"","time":"2026-03-03T08:02:49.399Z","v":0}
{"name":"Log","hostname":"noderss-MacBook-Pro.local","pid":66816,"level":50,"version":"6.19.4","err":{"id":"5f648940-16d7-11f1-a16d-67ccc8ccea09","domain":"http://localhost:2368/","code":null,"name":"EmailError","statusCode":500,"level":"normal","message":"Failed to send email. Reason: Sending failed.","context":"\"Unable to send welcome email, your site will continue to function.\"","help":"\"Please see https://ghost.org/docs/config/#mail for instructions on configuring email.\"","stack":"Error: Sending failed\n    at createMailError (/Users/noders/Documents/jay/blog/versions/6.19.4/core/server/services/mail/ghost-mailer.js:90:12)\n    at DirectMailer.<anonymous> (/Users/noders/Documents/jay/blog/versions/6.19.4/node_modules/nodemailer-direct-transport/lib/direct-transport.js:157:41)\n    at DirectMailer.<anonymous> (/Users/noders/Documents/jay/blog/versions/6.19.4/node_modules/nodemailer-direct-transport/lib/direct-transport.js:201:22)\n    at QueryReqWrap.callback (/Users/noders/Documents/jay/blog/versions/6.19.4/node_modules/nodemailer-direct-transport/lib/direct-transport.js:448:44)\n    at QueryReqWrap.onresolve [as oncomplete] (node:internal/dns/callback_resolver:45:10)","hideStack":false},"msg":"Failed to send email. Reason: Sending failed.","time":"2026-03-03T08:02:49.941Z","v":0}
{"name":"Log","hostname":"noderss-MacBook-Pro.local","pid":66816,"level":30,"version":"6.19.4","req":{"meta":{"requestId":"8bceff90-4913-41b3-abdd-4fa0ce1ef1ee","userId":"69a69539e98a5a0499209c04"},"url":"/session/","method":"POST","originalUrl":"/ghost/api/admin/session/","params":{},"headers":{"host":"localhost:2368","user-agent":"python-requests/2.32.5","accept-encoding":"gzip, deflate, zstd","accept":"*/*","connection":"keep-alive","content-type":"application/json","origin":"http://localhost:2368","content-length":"65"},"query":{}},"res":{"_headers":{"x-powered-by":"Express","content-version":"v6.19","vary":"Accept-Version, Origin, Accept-Encoding","cache-control":"no-cache, private, no-store, must-revalidate, max-stale=0, post-check=0, pre-check=0","access-control-allow-origin":"http://localhost:2368","content-type":"text/plain; charset=utf-8","content-length":"7","etag":"W/\"7-rM9AyJuqT6iOan/xHh+AW+7K/T8\"","set-cookie":"**REDACTED**"},"statusCode":201,"responseTime":"81ms"},"msg":"","time":"2026-03-03T08:02:59.850Z","v":0}
{"name":"Log","hostname":"noderss-MacBook-Pro.local","pid":66816,"level":30,"version":"6.19.4","req":{"meta":{"requestId":"c974a88d-6bbb-46b7-a545-b4bc8c1b5ae8","userId":null},"url":"/site/","method":"GET","originalUrl":"/ghost/api/admin/site/","params":{},"headers":{"host":"localhost:2368","user-agent":"python-requests/2.32.5","accept-encoding":"gzip, deflate, zstd","accept":"*/*","connection":"keep-alive","origin":"http://localhost:2368","cookie":"**REDACTED**"},"query":{}},"res":{"_headers":{"x-powered-by":"Express","content-version":"v6.19","vary":"Accept-Version, Origin, Accept-Encoding","cache-control":"no-cache, private, no-store, must-revalidate, max-stale=0, post-check=0, pre-check=0","access-control-allow-origin":"http://localhost:2368","content-type":"application/json; charset=utf-8","content-length":"342","etag":"W/\"156-TB0dcNEDuJp4kP9L0878UwRG2nA\""},"statusCode":200,"responseTime":"1ms"},"msg":"","time":"2026-03-03T08:02:59.852Z","v":0}
{"name":"Log","hostname":"noderss-MacBook-Pro.local","pid":66816,"level":30,"version":"6.19.4","req":{"meta":{"requestId":"fc8ea0ec-2362-4427-b73a-1db75579e37a","userId":"69a69539e98a5a0499209c04"},"url":"/integrations/","method":"POST","originalUrl":"/ghost/api/admin/integrations/","params":{},"headers":{"host":"localhost:2368","user-agent":"python-requests/2.32.5","accept-encoding":"gzip, deflate, zstd","accept":"*/*","connection":"keep-alive","content-type":"application/json","origin":"http://localhost:2368","cookie":"**REDACTED**","content-length":"47"},"query":{}},"res":{"_headers":{"x-powered-by":"Express","content-version":"v6.19","vary":"Accept-Version, Origin, Accept-Encoding","cache-control":"no-cache, private, no-store, must-revalidate, max-stale=0, post-check=0, pre-check=0","access-control-allow-origin":"http://localhost:2368","location":"http://localhost:2368/ghost/api/admin/integrations/69a695b340cfcd05010e6e41/","content-type":"application/json; charset=utf-8","content-length":"907","etag":"W/\"38b-iJndWn7o4iwlL1SuJ05vYF8MTsU\""},"statusCode":201,"responseTime":"15ms"},"msg":"","time":"2026-03-03T08:02:59.868Z","v":0}
{"name":"Log","hostname":"noderss-MacBook-Pro.local","pid":66816,"level":30,"version":"6.19.4","req":{"meta":{"requestId":"a802441e-27d0-4950-bfa6-beb54951937e","userId":null},"url":"/posts/","method":"POST","originalUrl":"/ghost/api/admin/posts/","params":{},"headers":{"host":"localhost:2368","user-agent":"python-requests/2.32.5","accept-encoding":"gzip, deflate, zstd","accept":"*/*","connection":"keep-alive","authorization":"**REDACTED**","content-type":"application/json","content-length":"607"},"query":{}},"res":{"_headers":{"x-powered-by":"Express","content-version":"v6.19","vary":"Accept-Version, Accept-Encoding","cache-control":"no-cache, private, no-store, must-revalidate, max-stale=0, post-check=0, pre-check=0","location":"http://localhost:2368/ghost/api/admin/posts/69a695bc40cfcd05010e6e47/","x-cache-invalidate":"/*","content-type":"application/json; charset=utf-8","etag":"W/\"103a-cxjNsXq+xegK5EbNcUwmMh9GRpY\"","content-encoding":"gzip"},"statusCode":201,"responseTime":"265ms"},"msg":"","time":"2026-03-03T08:03:08.710Z","v":0}
{"name":"Log","hostname":"noderss-MacBook-Pro.local","pid":66816,"level":30,"version":"6.19.4","req":{"meta":{"requestId":"59e75d50-a2c6-4f69-8d0c-125f6a37e084","userId":null},"url":"/","method":"GET","originalUrl":"/","params":{},"headers":{"host":"localhost:2368","user-agent":"curl/8.7.1","accept":"*/*"},"query":{}},"res":{"_headers":{"x-powered-by":"Express","cache-control":"public, max-age=0","content-type":"text/html; charset=utf-8","content-length":"18003","etag":"W/\"4653-IFR+a5iJNStUV3hqTwX5pTionfE\"","vary":"Accept-Encoding"},"statusCode":200,"responseTime":"32ms"},"msg":"","time":"2026-03-03T08:03:12.315Z","v":0}
{"name":"Log","hostname":"noderss-MacBook-Pro.local","pid":66816,"level":30,"version":"6.19.4","msg":"[Recommendations] Updating recommendations metadata","time":"2026-03-03T08:04:34.164Z","v":0}
{"name":"Log","hostname":"noderss-MacBook-Pro.local","pid":66816,"level":30,"version":"6.19.4","req":{"meta":{"requestId":"b9d87cc6-a38d-460d-a914-193b41c648d7","userId":null},"url":"/","method":"GET","originalUrl":"/","params":{},"headers":{"host":"localhost:2368","user-agent":"curl/8.7.1","accept":"*/*"},"query":{}},"res":{"_headers":{"x-powered-by":"Express","cache-control":"public, max-age=0","content-type":"text/html; charset=utf-8","content-length":"18003","etag":"W/\"4653-IFR+a5iJNStUV3hqTwX5pTionfE\"","vary":"Accept-Encoding"},"statusCode":200,"responseTime":"48ms"},"msg":"","time":"2026-03-03T08:05:36.309Z","v":0}
{"name":"Log","hostname":"noderss-MacBook-Pro.local","pid":66816,"level":30,"version":"6.19.4","req":{"meta":{"requestId":"449d82da-fbcf-466b-97da-eb1b81cbe290","userId":null},"url":"/","method":"GET","originalUrl":"/","params":{},"headers":{"host":"localhost:2368","user-agent":"Wget/1.25.0","accept":"*/*","accept-encoding":"identity","connection":"Keep-Alive"},"query":{}},"res":{"_headers":{"x-powered-by":"Express","cache-control":"public, max-age=0","content-type":"text/html; charset=utf-8","content-length":"18003","etag":"W/\"4653-IFR+a5iJNStUV3hqTwX5pTionfE\"","vary":"Accept-Encoding"},"statusCode":200,"responseTime":"47ms"},"msg":"","time":"2026-03-03T08:05:43.567Z","v":0}
{"name":"Log","hostname":"noderss-MacBook-Pro.local","pid":66816,"level":30,"version":"6.19.4","req":{"meta":{"requestId":"7b6a38d2-cc9e-4973-965b-df4db25bcdaf","userId":null},"url":"/robots.txt","method":"GET","originalUrl":"/robots.txt","params":{},"headers":{"host":"localhost:2368","user-agent":"Wget/1.25.0","accept":"*/*","accept-encoding":"identity","connection":"Keep-Alive"},"query":{}},"res":{"_headers":{"x-powered-by":"Express","content-type":"text/plain","content-length":212,"etag":"\"8064ef66fd02e166b55f4210db48a2ca\"","cache-control":"public, max-age=3600","vary":"Accept-Encoding"},"statusCode":200,"responseTime":"1ms"},"msg":"","time":"2026-03-03T08:05:43.569Z","v":0}
{"name":"Log","hostname":"noderss-MacBook-Pro.local","pid":66816,"level":30,"version":"6.19.4","req":{"meta":{"requestId":"221a685a-1e2c-44fa-9043-da7a484e3165","userId":null},"url":"/assets/built/screen.css?v=614779673d","method":"GET","originalUrl":"/assets/built/screen.css?v=614779673d","params":{},"headers":{"host":"localhost:2368","referer":"http://localhost:2368/","user-agent":"Wget/1.25.0","accept":"*/*","accept-encoding":"identity","connection":"Keep-Alive"},"query":{"v":"614779673d"}},"res":{"_headers":{"x-powered-by":"Express","accept-ranges":"bytes","cache-control":"public, max-age=0","last-modified":"Sat, 26 Oct 1985 08:15:00 GMT","etag":"W/\"d1bb-7438674ba0\"","content-type":"text/css; charset=UTF-8","content-length":53691,"vary":"Accept-Encoding"},"statusCode":200,"responseTime":"2ms"},"msg":"","time":"2026-03-03T08:05:43.572Z","v":0}
{"name":"Log","hostname":"noderss-MacBook-Pro.local","pid":66816,"level":30,"version":"6.19.4","req":{"meta":{"requestId":"db0f6a51-5e7c-4862-95c7-1bdab1964601","userId":null},"url":"/assets/built/source.js?v=614779673d","method":"GET","originalUrl":"/assets/built/source.js?v=614779673d","params":{},"headers":{"host":"localhost:2368","referer":"http://localhost:2368/","user-agent":"Wget/1.25.0","accept":"*/*","accept-encoding":"identity","connection":"Keep-Alive"},"query":{"v":"614779673d"}},"res":{"_headers":{"x-powered-by":"Express","accept-ranges":"bytes","cache-control":"public, max-age=0","last-modified":"Sat, 26 Oct 1985 08:15:00 GMT","etag":"W/\"cde1-7438674ba0\"","content-type":"application/javascript; charset=UTF-8","content-length":52705,"vary":"Accept-Encoding"},"statusCode":200,"responseTime":"1ms"},"msg":"","time":"2026-03-03T08:05:43.574Z","v":0}
{"name":"Log","hostname":"noderss-MacBook-Pro.local","pid":66816,"level":30,"version":"6.19.4","req":{"meta":{"requestId":"a68e9f2e-a10f-4c97-a8b2-ff8541e1ca5a","userId":null},"url":"/assets/fonts/inter-roman.woff2?v=614779673d","method":"GET","originalUrl":"/assets/fonts/inter-roman.woff2?v=614779673d","params":{},"headers":{"host":"localhost:2368","referer":"http://localhost:2368/","user-agent":"Wget/1.25.0","accept":"*/*","accept-encoding":"identity","connection":"Keep-Alive"},"query":{"v":"614779673d"}},"res":{"_headers":{"x-powered-by":"Express","accept-ranges":"bytes","cache-control":"public, max-age=0","last-modified":"Sat, 26 Oct 1985 08:15:00 GMT","etag":"W/\"9394-7438674ba0\"","content-type":"font/woff2","content-length":37780},"statusCode":200,"responseTime":"0ms"},"msg":"","time":"2026-03-03T08:05:43.575Z","v":0}
{"name":"Log","hostname":"noderss-MacBook-Pro.local","pid":66816,"level":30,"version":"6.19.4","req":{"meta":{"requestId":"71d0b392-ff54-49a4-8927-42624562743c","userId":null},"url":"/rss/","method":"GET","originalUrl":"/rss/","params":{},"headers":{"host":"localhost:2368","referer":"http://localhost:2368/","user-agent":"Wget/1.25.0","accept":"*/*","accept-encoding":"identity","connection":"Keep-Alive"},"query":{}},"res":{"_headers":{"x-powered-by":"Express","cache-control":"public, max-age=0","content-type":"application/rss+xml; charset=utf-8","content-length":"2172","etag":"W/\"87c-b35l/rgfvQ/jtSNcm4cxATQa1YI\"","vary":"Accept-Encoding"},"statusCode":200,"responseTime":"9ms"},"msg":"","time":"2026-03-03T08:05:43.585Z","v":0}
{"name":"Log","hostname":"noderss-MacBook-Pro.local","pid":66816,"level":30,"version":"6.19.4","req":{"meta":{"requestId":"52435072-535b-44f3-93b2-1c1735844ad8","userId":null},"url":"/public/cards.min.js?v=614779673d","method":"GET","originalUrl":"/public/cards.min.js?v=614779673d","params":{},"headers":{"host":"localhost:2368","referer":"http://localhost:2368/","user-agent":"Wget/1.25.0","accept":"*/*","accept-encoding":"identity","connection":"Keep-Alive"},"query":{"v":"614779673d"}},"res":{"_headers":{"x-powered-by":"Express","content-type":"application/javascript","content-length":6892,"etag":"\"91fcf6fd1c2761b582cda90883e5ff94\"","cache-control":"public, max-age=31536000","vary":"Accept-Encoding"},"statusCode":200,"responseTime":"161ms"},"msg":"","time":"2026-03-03T08:05:43.747Z","v":0}
{"name":"Log","hostname":"noderss-MacBook-Pro.local","pid":66816,"level":30,"version":"6.19.4","req":{"meta":{"requestId":"4a121bd4-07f8-4d12-b785-96f9fbf95ecc","userId":null},"url":"/public/cards.min.css?v=614779673d","method":"GET","originalUrl":"/public/cards.min.css?v=614779673d","params":{},"headers":{"host":"localhost:2368","referer":"http://localhost:2368/","user-agent":"Wget/1.25.0","accept":"*/*","accept-encoding":"identity","connection":"Keep-Alive"},"query":{"v":"614779673d"}},"res":{"_headers":{"x-powered-by":"Express","content-type":"text/css","content-length":45375,"etag":"\"781668c539d7a83eb1aa862009ffeb96\"","cache-control":"public, max-age=31536000","vary":"Accept-Encoding"},"statusCode":200,"responseTime":"1ms"},"msg":"","time":"2026-03-03T08:05:43.748Z","v":0}
{"name":"Log","hostname":"noderss-MacBook-Pro.local","pid":66816,"level":30,"version":"6.19.4","req":{"meta":{"requestId":"d0f6e2ed-ac44-43e4-9b54-58617a35c91e","userId":null},"url":"/public/member-attribution.min.js?v=614779673d","method":"GET","originalUrl":"/public/member-attribution.min.js?v=614779673d","params":{},"headers":{"host":"localhost:2368","referer":"http://localhost:2368/","user-agent":"Wget/1.25.0","accept":"*/*","accept-encoding":"identity","connection":"Keep-Alive"},"query":{"v":"614779673d"}},"res":{"_headers":{"x-powered-by":"Express","content-type":"application/javascript","content-length":2972,"etag":"\"76d7f9c7c5c4b0f99bca6af29aaaa4df\"","cache-control":"public, max-age=31536000","vary":"Accept-Encoding"},"statusCode":200,"responseTime":"1ms"},"msg":"","time":"2026-03-03T08:05:43.750Z","v":0}
{"name":"Log","hostname":"noderss-MacBook-Pro.local","pid":66816,"level":30,"version":"6.19.4","req":{"meta":{"requestId":"d0effccc-7a6d-41b9-88f6-3e905bf90df2","userId":null},"url":"/about/","method":"GET","originalUrl":"/about/","params":{"slug":"about"},"headers":{"host":"localhost:2368","referer":"http://localhost:2368/","user-agent":"Wget/1.25.0","accept":"*/*","accept-encoding":"identity","connection":"Keep-Alive"},"query":{}},"res":{"_headers":{"x-powered-by":"Express","cache-control":"public, max-age=0","content-type":"text/html; charset=utf-8","content-length":"17011","etag":"W/\"4273-n15vaNGjFHmoUOQj4+gFJp7asMA\"","vary":"Accept-Encoding"},"statusCode":200,"responseTime":"21ms"},"msg":"","time":"2026-03-03T08:05:43.771Z","v":0}
{"name":"Log","hostname":"noderss-MacBook-Pro.local","pid":66816,"level":30,"version":"6.19.4","req":{"meta":{"requestId":"b36366fd-a492-4717-a345-27f30e8fd4b1","userId":null},"url":"/hello-world/","method":"GET","originalUrl":"/hello-world/","params":{"slug":"hello-world"},"headers":{"host":"localhost:2368","referer":"http://localhost:2368/","user-agent":"Wget/1.25.0","accept":"*/*","accept-encoding":"identity","connection":"Keep-Alive"},"query":{}},"res":{"_headers":{"x-powered-by":"Express","cache-control":"public, max-age=0","content-type":"text/html; charset=utf-8","content-length":"17940","etag":"W/\"4614-Ep6wzwdk7igcCROaSsYJo7R2aU0\"","vary":"Accept-Encoding"},"statusCode":200,"responseTime":"20ms"},"msg":"","time":"2026-03-03T08:05:43.792Z","v":0}
{"name":"Log","hostname":"noderss-MacBook-Pro.local","pid":66816,"level":30,"version":"6.19.4","req":{"meta":{"requestId":"75e0fab9-0db8-48f2-b638-bcf32f1fb1f3","userId":null},"url":"/coming-soon/","method":"GET","originalUrl":"/coming-soon/","params":{"slug":"coming-soon"},"headers":{"host":"localhost:2368","referer":"http://localhost:2368/","user-agent":"Wget/1.25.0","accept":"*/*","accept-encoding":"identity","connection":"Keep-Alive"},"query":{}},"res":{"_headers":{"x-powered-by":"Express","cache-control":"public, max-age=0","content-type":"text/html; charset=utf-8","content-length":"18609","etag":"W/\"48b1-nxAB2D6y61cuiTOv0U2d7JOe46c\"","vary":"Accept-Encoding"},"statusCode":200,"responseTime":"750ms"},"msg":"","time":"2026-03-03T08:05:44.544Z","v":0}
{"name":"Log","hostname":"noderss-MacBook-Pro.local","pid":66816,"level":30,"version":"6.19.4","req":{"meta":{"requestId":"ddc8185f-975b-44d8-87ca-d29051decea0","userId":null},"url":"/assets/images/default-skin.png","method":"GET","originalUrl":"/assets/images/default-skin.png","params":{},"headers":{"host":"localhost:2368","referer":"http://localhost:2368/assets/built/screen.css?v=614779673d","user-agent":"Wget/1.25.0","accept":"*/*","accept-encoding":"identity","connection":"Keep-Alive"},"query":{}},"res":{"_headers":{"x-powered-by":"Express","accept-ranges":"bytes","cache-control":"public, max-age=0","last-modified":"Sat, 26 Oct 1985 08:15:00 GMT","etag":"W/\"223-7438674ba0\"","content-type":"image/png","content-length":547},"statusCode":200,"responseTime":"3ms"},"msg":"","time":"2026-03-03T08:05:44.548Z","v":0}
{"name":"Log","hostname":"noderss-MacBook-Pro.local","pid":66816,"level":30,"version":"6.19.4","req":{"meta":{"requestId":"26891623-a29a-45a1-b00a-9d4dec8facca","userId":null},"url":"/assets/images/default-skin.svg","method":"GET","originalUrl":"/assets/images/default-skin.svg","params":{},"headers":{"host":"localhost:2368","referer":"http://localhost:2368/assets/built/screen.css?v=614779673d","user-agent":"Wget/1.25.0","accept":"*/*","accept-encoding":"identity","connection":"Keep-Alive"},"query":{}},"res":{"_headers":{"x-powered-by":"Express","accept-ranges":"bytes","cache-control":"public, max-age=0","last-modified":"Sat, 26 Oct 1985 08:15:00 GMT","etag":"W/\"612-7438674ba0\"","content-type":"image/svg+xml","content-length":1554,"vary":"Accept-Encoding"},"statusCode":200,"responseTime":"1ms"},"msg":"","time":"2026-03-03T08:05:44.550Z","v":0}
{"name":"Log","hostname":"noderss-MacBook-Pro.local","pid":66816,"level":30,"version":"6.19.4","req":{"meta":{"requestId":"368cf3bf-d254-43d0-b9a2-189d87a19ddb","userId":null},"url":"/assets/images/preloader.gif","method":"GET","originalUrl":"/assets/images/preloader.gif","params":{},"headers":{"host":"localhost:2368","referer":"http://localhost:2368/assets/built/screen.css?v=614779673d","user-agent":"Wget/1.25.0","accept":"*/*","accept-encoding":"identity","connection":"Keep-Alive"},"query":{}},"res":{"_headers":{"x-powered-by":"Express","accept-ranges":"bytes","cache-control":"public, max-age=0","last-modified":"Sat, 26 Oct 1985 08:15:00 GMT","etag":"W/\"362-7438674ba0\"","content-type":"image/gif","content-length":866},"statusCode":200,"responseTime":"1ms"},"msg":"","time":"2026-03-03T08:05:44.552Z","v":0}
{"name":"Log","hostname":"noderss-MacBook-Pro.local","pid":66816,"level":30,"version":"6.19.4","req":{"meta":{"requestId":"9f88aa9a-72d7-4261-b63a-9ce3cc8f75f6","userId":null},"url":"/author/jay/","method":"GET","originalUrl":"/author/jay/","params":{"slug":"jay"},"headers":{"host":"localhost:2368","referer":"http://localhost:2368/hello-world/","user-agent":"Wget/1.25.0","accept":"*/*","accept-encoding":"identity","connection":"Keep-Alive"},"query":{}},"res":{"_headers":{"x-powered-by":"Express","cache-control":"public, max-age=0","content-type":"text/html; charset=utf-8","content-length":"14547","etag":"W/\"38d3-TQgqb+pUngW4V+pbGc6XXSs0qKg\"","vary":"Accept-Encoding"},"statusCode":200,"responseTime":"33ms"},"msg":"","time":"2026-03-03T08:05:44.585Z","v":0}
{"name":"Log","hostname":"noderss-MacBook-Pro.local","pid":66816,"level":30,"version":"6.19.4","req":{"meta":{"requestId":"30555a29-6023-41b9-a88e-9e71b6192749","userId":null},"url":"/tag/news/","method":"GET","originalUrl":"/tag/news/","params":{"slug":"news"},"headers":{"host":"localhost:2368","referer":"http://localhost:2368/coming-soon/","user-agent":"Wget/1.25.0","accept":"*/*","accept-encoding":"identity","connection":"Keep-Alive"},"query":{}},"res":{"_headers":{"x-powered-by":"Express","cache-control":"public, max-age=0","content-type":"text/html; charset=utf-8","content-length":"14311","etag":"W/\"37e7-Eqb/U34XbqHhfA4FjLUnGsQ6Luk\"","vary":"Accept-Encoding"},"statusCode":200,"responseTime":"20ms"},"msg":"","time":"2026-03-03T08:05:44.606Z","v":0}
